2025-09-16 19:31:24,556 - INFO - 目标目录已创建: /home/lirongyaoper/Downloads/imageniigz
2025-09-16 19:31:24,557 - INFO - dcm2niix工具检查通过
2025-09-16 19:31:24,557 - WARNING - 在/home/lirongyaoper/Downloads/3dCT中未找到DICOM文件夹
2025-09-16 19:31:24,557 - WARNING - 未找到任何DICOM文件夹
2025-09-16 19:40:40,043 - INFO - 目标目录已创建: /home/lirongyaoper/Downloads/imageniigz
2025-09-16 19:40:40,044 - INFO - dcm2niix工具检查通过
2025-09-16 19:40:40,044 - INFO - 开始递归搜索DICOM文件夹，最大深度: 10
2025-09-16 19:40:40,054 - INFO - 递归搜索完成，共找到 4 个DICOM文件夹
2025-09-16 19:40:40,054 - INFO - 找到4个DICOM文件夹
2025-09-16 19:40:40,054 - INFO - 处理进度: 1/4 (25.0%)
2025-09-16 19:40:40,054 - INFO - 开始转换: CT
2025-09-16 19:40:50,748 - INFO - 转换成功: CT
2025-09-16 19:40:50,749 - INFO - 处理进度: 2/4 (50.0%)
2025-09-16 19:40:50,749 - INFO - 开始转换: CT
2025-09-16 19:40:56,572 - INFO - 转换成功: CT
2025-09-16 19:40:56,572 - INFO - 处理进度: 3/4 (75.0%)
2025-09-16 19:40:56,572 - INFO - 开始转换: CT
2025-09-16 19:41:00,543 - INFO - 转换成功: CT
2025-09-16 19:41:00,543 - INFO - 处理进度: 4/4 (100.0%)
2025-09-16 19:41:00,543 - INFO - 开始转换: CT
2025-09-16 19:41:04,765 - INFO - 转换成功: CT
2025-09-16 19:41:04,765 - INFO - 批量转换完成!
2025-09-16 19:41:04,765 - INFO - 成功: 4, 失败: 0, 跳过: 0, 总计: 4
2025-09-16 19:41:04,765 - INFO - 耗时: 24.72秒
2025-09-16 19:48:36,388 - INFO - 目标目录已创建: /home/lirongyaoper/Downloads/imageniigz
2025-09-16 19:48:36,389 - INFO - dcm2niix工具检查通过
2025-09-16 19:48:36,389 - INFO - 开始递归搜索DICOM文件夹，最大深度: 10
2025-09-16 19:48:36,392 - INFO - 递归搜索完成，共找到 4 个DICOM文件夹
2025-09-16 19:48:36,393 - INFO - 找到4个DICOM文件夹
2025-09-16 19:48:36,393 - INFO - 处理进度: 1/4 (25.0%)
2025-09-16 19:48:36,393 - INFO - 跳过已存在NIfTI文件的文件夹: jiahuabin/CT
2025-09-16 19:48:36,393 - INFO - 处理进度: 2/4 (50.0%)
2025-09-16 19:48:36,393 - INFO - 跳过已存在NIfTI文件的文件夹: shangyulian/CT
2025-09-16 19:48:36,393 - INFO - 处理进度: 3/4 (75.0%)
2025-09-16 19:48:36,393 - INFO - 跳过已存在NIfTI文件的文件夹: shangzhengming/CT
2025-09-16 19:48:36,393 - INFO - 处理进度: 4/4 (100.0%)
2025-09-16 19:48:36,393 - INFO - 跳过已存在NIfTI文件的文件夹: wangxiangjun/CT
2025-09-16 19:48:36,393 - INFO - 批量转换完成!
2025-09-16 19:48:36,393 - INFO - 成功: 0, 失败: 0, 跳过: 4, 总计: 4
2025-09-16 19:48:36,393 - INFO - 耗时: 0.01秒
2025-09-16 19:49:28,800 - INFO - 目标目录已创建: /home/lirongyaoper/Downloads/imageniigz
2025-09-16 19:49:28,801 - INFO - dcm2niix工具检查通过
2025-09-16 19:49:28,801 - INFO - 开始递归搜索DICOM文件夹，最大深度: 10
2025-09-16 19:49:28,803 - INFO - 递归搜索完成，共找到 4 个DICOM文件夹
2025-09-16 19:49:28,803 - INFO - 找到4个DICOM文件夹
2025-09-16 19:49:28,803 - INFO - 处理进度: 1/4 (25.0%)
2025-09-16 19:49:28,803 - INFO - 开始转换: CT -> jiahuabin.nii.gz
2025-09-16 19:49:39,398 - INFO - 转换成功: CT
2025-09-16 19:49:39,398 - INFO - 处理进度: 2/4 (50.0%)
2025-09-16 19:49:39,399 - INFO - 开始转换: CT -> shangyulian.nii.gz
2025-09-16 19:49:45,127 - INFO - 转换成功: CT
2025-09-16 19:49:45,127 - INFO - 处理进度: 3/4 (75.0%)
2025-09-16 19:49:45,127 - INFO - 开始转换: CT -> shangzhengming.nii.gz
2025-09-16 19:49:48,998 - INFO - 转换成功: CT
2025-09-16 19:49:48,998 - INFO - 处理进度: 4/4 (100.0%)
2025-09-16 19:49:48,998 - INFO - 开始转换: CT -> wangxiangjun.nii.gz
2025-09-16 19:49:53,142 - INFO - 转换成功: CT
2025-09-16 19:49:53,142 - INFO - 批量转换完成!
2025-09-16 19:49:53,142 - INFO - 成功: 4, 失败: 0, 跳过: 0, 总计: 4
2025-09-16 19:49:53,142 - INFO - 耗时: 24.34秒
2025-09-16 20:19:39,353 - INFO - 目标目录已创建: /home/lirongyaoper/Downloads/imageniigz
2025-09-16 20:19:39,354 - INFO - dcm2niix工具检查通过
2025-09-16 20:19:39,355 - INFO - 开始递归搜索DICOM文件夹，最大深度: 10
2025-09-16 20:19:39,355 - WARNING - 在/home/lirongyaoper/Downloads/3dCT及其子目录中未找到DICOM文件夹
2025-09-16 20:19:39,355 - WARNING - 未找到任何DICOM文件夹
